// Jest Snapshot v1, https://goo.gl/fbAQLP

exports[`Reducers root reducer combines reducers and returns initial state 1`] = `
Object {
  "auth": Object {
    "user": null,
  },
}
`;
